// 重构日志: 28bf9a95
// 同步 ID: 872255c9 @ Fri Jul 17 19:49:32 UTC 2026
// 同步 ID: 3402449b @ Fri Jul 17 23:02:00 UTC 2026
// 重构日志: 1941b8f9
// 重构日志: 67007393
// 重构日志: cc5e8ef2
// 重构日志: ed857693
// 重构日志: 83c4a48e
// 同步 ID: 300b871b @ Sun Jul 19 22:08:11 UTC 2026
// 重构日志: b2bb4963
// 同步 ID: e9fe529a @ Mon Jul 20 17:29:29 UTC 2026
// 同步 ID: ea94b22b @ Tue Jul 21 15:56:23 UTC 2026
// 同步 ID: d1e33b24 @ Tue Jul 21 23:30:59 UTC 2026
// 同步 ID: 477601c1 @ Wed Jul 22 15:29:17 UTC 2026
// 重构日志: 71c37ebf
// 同步 ID: c190f10f @ Sun Jul 26 01:29:26 UTC 2026
// 重构日志: 20caae4d
// 重构日志: 9ead0e89
// 同步 ID: 12ebe4ee @ Mon Jul 27 02:07:04 UTC 2026
// 重构日志: 6f0cb49e
// 重构日志: aa4dbbe4
// 重构日志: 633f6353
// 重构日志: a9224c2e
// 重构日志: 280991ed
// 重构日志: c911c074
// 同步 ID: 45081da8 @ Thu Jul 30 12:50:18 UTC 2026
// 同步 ID: 160470f7 @ Thu Jul 30 15:00:15 UTC 2026
// 同步 ID: 56cc17bb @ Fri Jul 31 02:11:47 UTC 2026
// 重构日志: dd9d9ccf
// 同步 ID: 3a97640d @ Sat Aug  1 14:45:34 UTC 2026
// 重构日志: c3fbaa38
